{"title": "How Bees Talk", "lang": "en", "preamble": ["Bees dance to share news & food."], "sections": [{"heading": "The waggle", "paragraphs": ["A waggle points at food.", "Distance.", "Longer waggles mean farther."]}, {"heading": "The round dance", "paragraphs": ["A circle means food is <near>."]}]}